2025-08-08 18:41:58,524 - Knowledge - INFO - Redis support added with prefix knowledge:b3106gv:
2025-08-08 18:41:58,841 - Knowledge - INFO - load persisted knowledge: begin
2025-08-08 18:41:58,916 - Knowledge - INFO - load persisted knowledge: end
2025-08-08 18:41:58,993 - Knowledge - INFO - load persisted docinfo: begin
2025-08-08 18:41:59,090 - Knowledge - INFO - load persisted docinfo: end
2025-08-08 18:41:59,209 - Knowledge - INFO - worker kw1 created with dedicated MongoDB connection (total: 1)
2025-08-08 18:41:59,284 - Knowledge - INFO - knowledge worker kw1 start
2025-08-08 18:41:59,287 - Knowledge - INFO - worker kw2 created with dedicated MongoDB connection (total: 2)
2025-08-08 18:41:59,375 - Knowledge - INFO - worker kw1 pull /app/data/rdk7542/90219/b3106gv/sample-90219/org.eclipse.example.calc.test/tst/org/eclipse/example/calc/OperationsTest.java from ingest queue
2025-08-08 18:41:59,445 - Knowledge - INFO - knowledge worker kw2 start
2025-08-08 18:41:59,447 - Knowledge - INFO - worker kw3 created with dedicated MongoDB connection (total: 3)
2025-08-08 18:41:59,572 - Knowledge - INFO - process ingested knowledge for /app/data/rdk7542/90219/b3106gv/sample-90219/org.eclipse.example.calc.test/tst/org/eclipse/example/calc/OperationsTest.java
2025-08-08 18:41:59,608 - Knowledge - INFO - worker kw2 pull /app/data/rdk7542/90219/b3106gv/sample-90219/org.eclipse.example.calc.test/tst/org/eclipse/example/calc/internal/operations/PlusTest.java from ingest queue
2025-08-08 18:41:59,709 - Knowledge - INFO - knowledge worker kw3 start
2025-08-08 18:41:59,713 - Knowledge - INFO - worker kw4 created with dedicated MongoDB connection (total: 4)
2025-08-08 18:41:59,789 - Knowledge - INFO - Found code-base-name: https://github.com/kavia-common/sample-90219.git:kavia-master
2025-08-08 18:41:59,930 - Knowledge - INFO - process ingested knowledge for /app/data/rdk7542/90219/b3106gv/sample-90219/org.eclipse.example.calc.test/tst/org/eclipse/example/calc/internal/operations/PlusTest.java
2025-08-08 18:41:59,983 - Knowledge - INFO - worker kw3 pull /app/data/rdk7542/90219/b3106gv/sample-90219/org.eclipse.example.calc.test/tst/org/eclipse/example/calc/internal/operations/MinusTest.java from ingest queue
2025-08-08 18:42:00,060 - Knowledge - INFO - knowledge worker kw4 start
2025-08-08 18:42:00,062 - Knowledge - INFO - worker kw5 created with dedicated MongoDB connection (total: 5)
2025-08-08 18:42:00,162 - Knowledge - INFO - Found code_base: <app.utils.kg_build.knowledge.KnowledgeCodeBase object at 0x7fd0ed8e0e50>
2025-08-08 18:42:00,236 - Knowledge - INFO - Found code-base-name: https://github.com/kavia-common/sample-90219.git:kavia-master
2025-08-08 18:42:00,676 - Knowledge - INFO - Found code_base: <app.utils.kg_build.knowledge.KnowledgeCodeBase object at 0x7fd0ed8e0e50>
2025-08-08 18:42:00,394 - Knowledge - INFO - worker kw4 pull /app/data/rdk7542/90219/b3106gv/sample-90219/org.eclipse.example.calc.test/tst/org/eclipse/example/calc/internal/operations/SquareTest.java from ingest queue
2025-08-08 18:42:00,505 - Knowledge - INFO - knowledge worker kw5 start
2025-08-08 18:42:00,508 - Knowledge - INFO - worker kw6 created with dedicated MongoDB connection (total: 6)
2025-08-08 18:42:00,602 - Knowledge - INFO - persist ingested knowledge for /app/data/rdk7542/90219/b3106gv/sample-90219/org.eclipse.example.calc.test/tst/org/eclipse/example/calc/OperationsTest.java
2025-08-08 18:42:00,334 - Knowledge - INFO - process ingested knowledge for /app/data/rdk7542/90219/b3106gv/sample-90219/org.eclipse.example.calc.test/tst/org/eclipse/example/calc/internal/operations/MinusTest.java
2025-08-08 18:42:00,746 - Knowledge - INFO - persist ingested knowledge for /app/data/rdk7542/90219/b3106gv/sample-90219/org.eclipse.example.calc.test/tst/org/eclipse/example/calc/internal/operations/PlusTest.java
2025-08-08 18:42:00,864 - Knowledge - INFO - process ingested knowledge for /app/data/rdk7542/90219/b3106gv/sample-90219/org.eclipse.example.calc.test/tst/org/eclipse/example/calc/internal/operations/SquareTest.java
2025-08-08 18:42:00,923 - Knowledge - INFO - worker kw5 pull /app/data/rdk7542/90219/b3106gv/sample-90219/org.eclipse.example.calc.test/tst/org/eclipse/example/calc/internal/operations/AbstractOperationTest.java from ingest queue
2025-08-08 18:42:01,028 - Knowledge - INFO - knowledge worker kw6 start
2025-08-08 18:42:01,035 - Knowledge - INFO - worker kw7 created with dedicated MongoDB connection (total: 7)
2025-08-08 18:42:01,244 - Knowledge - INFO - adding /app/data/rdk7542/90219/b3106gv/sample-90219/org.eclipse.example.calc.test/tst/org/eclipse/example/calc/OperationsTest.java to ingest queue
2025-08-08 18:42:01,612 - Knowledge - INFO - process ingested knowledge for /app/data/rdk7542/90219/b3106gv/sample-90219/org.eclipse.example.calc.test/tst/org/eclipse/example/calc/internal/operations/AbstractOperationTest.java
2025-08-08 18:42:01,750 - Knowledge - INFO - knowledge worker kw7 start
2025-08-08 18:42:01,752 - Knowledge - INFO - worker kw8 created with dedicated MongoDB connection (total: 8)
2025-08-08 18:42:01,861 - Knowledge - INFO - Found code-base-name: https://github.com/kavia-common/sample-90219.git:kavia-master
2025-08-08 18:42:01,933 - Knowledge - INFO - Found code-base-name: https://github.com/kavia-common/sample-90219.git:kavia-master
2025-08-08 18:42:01,933 - Knowledge - INFO - worker kw6 pull /app/data/rdk7542/90219/b3106gv/sample-90219/org.eclipse.example.calc.test/tst/org/eclipse/example/calc/internal/operations/EqualsTest.java from ingest queue
2025-08-08 18:42:01,933 - Knowledge - INFO - worker kw1 pull /app/data/rdk7542/90219/b3106gv/sample-90219/org.eclipse.example.calc.test/tst/org/eclipse/example/calc/internal/CalculatorTest.java from ingest queue
2025-08-08 18:42:01,933 - Knowledge - INFO - adding /app/data/rdk7542/90219/b3106gv/sample-90219/org.eclipse.example.calc.test/tst/org/eclipse/example/calc/internal/operations/PlusTest.java to ingest queue
2025-08-08 18:42:02,146 - Knowledge - INFO - knowledge worker kw8 start
2025-08-08 18:42:02,148 - Knowledge - INFO - worker kw9 created with dedicated MongoDB connection (total: 9)
2025-08-08 18:42:02,264 - Knowledge - INFO - Found code_base: <app.utils.kg_build.knowledge.KnowledgeCodeBase object at 0x7fd0ed8e0e50>
2025-08-08 18:42:02,345 - Knowledge - INFO - Found code_base: <app.utils.kg_build.knowledge.KnowledgeCodeBase object at 0x7fd0ed8e0e50>
2025-08-08 18:42:02,489 - Knowledge - INFO - process ingested knowledge for /app/data/rdk7542/90219/b3106gv/sample-90219/org.eclipse.example.calc.test/tst/org/eclipse/example/calc/internal/operations/EqualsTest.java
2025-08-08 18:42:02,589 - Knowledge - INFO - process ingested knowledge for /app/data/rdk7542/90219/b3106gv/sample-90219/org.eclipse.example.calc.test/tst/org/eclipse/example/calc/internal/CalculatorTest.java
2025-08-08 18:42:02,631 - Knowledge - INFO - Found code-base-name: https://github.com/kavia-common/sample-90219.git:kavia-master
2025-08-08 18:42:02,631 - Knowledge - INFO - worker kw7 pull /app/data/rdk7542/90219/b3106gv/sample-90219/org.eclipse.example.calc.test/pom.xml from ingest queue
2025-08-08 18:42:02,632 - Knowledge - INFO - worker kw2 pull /app/data/rdk7542/90219/b3106gv/sample-90219/org.eclipse.example.calc/src/org/eclipse/example/calc/UnaryOperation.java from ingest queue
2025-08-08 18:42:02,737 - Knowledge - INFO - worker kw8 pull /app/data/rdk7542/90219/b3106gv/sample-90219/org.eclipse.example.calc/src/org/eclipse/example/calc/Operations.java from ingest queue
2025-08-08 18:42:02,834 - Knowledge - INFO - knowledge worker kw9 start
2025-08-08 18:42:02,835 - Knowledge - INFO - worker kw10 created with dedicated MongoDB connection (total: 10)
2025-08-08 18:42:02,950 - Knowledge - INFO - persist ingested knowledge for /app/data/rdk7542/90219/b3106gv/sample-90219/org.eclipse.example.calc.test/tst/org/eclipse/example/calc/internal/operations/MinusTest.java
2025-08-08 18:42:03,062 - Knowledge - INFO - persist ingested knowledge for /app/data/rdk7542/90219/b3106gv/sample-90219/org.eclipse.example.calc.test/tst/org/eclipse/example/calc/internal/operations/SquareTest.java
2025-08-08 18:42:03,155 - Knowledge - INFO - Found code-base-name: https://github.com/kavia-common/sample-90219.git:kavia-master
2025-08-08 18:42:03,244 - Knowledge - INFO - Found code-base-name: https://github.com/kavia-common/sample-90219.git:kavia-master
2025-08-08 18:42:03,352 - Knowledge - INFO - Found code_base: <app.utils.kg_build.knowledge.KnowledgeCodeBase object at 0x7fd0ed8e0e50>
2025-08-08 18:42:03,490 - Knowledge - INFO - process ingested knowledge for /app/data/rdk7542/90219/b3106gv/sample-90219/org.eclipse.example.calc.test/pom.xml
2025-08-08 18:42:03,568 - Knowledge - INFO - process ingested knowledge for /app/data/rdk7542/90219/b3106gv/sample-90219/org.eclipse.example.calc/src/org/eclipse/example/calc/UnaryOperation.java
2025-08-08 18:42:03,652 - Knowledge - INFO - process ingested knowledge for /app/data/rdk7542/90219/b3106gv/sample-90219/org.eclipse.example.calc/src/org/eclipse/example/calc/Operations.java
2025-08-08 18:42:03,706 - Knowledge - INFO - worker kw9 pull /app/data/rdk7542/90219/b3106gv/sample-90219/org.eclipse.example.calc/src/org/eclipse/example/calc/BinaryOperation.java from ingest queue
2025-08-08 18:42:03,797 - Knowledge - INFO - knowledge worker kw10 start
2025-08-08 18:42:03,799 - Knowledge - INFO - worker kw11 created with dedicated MongoDB connection (total: 11)
2025-08-08 18:42:03,958 - Knowledge - INFO - adding /app/data/rdk7542/90219/b3106gv/sample-90219/org.eclipse.example.calc.test/tst/org/eclipse/example/calc/internal/operations/MinusTest.java to ingest queue
2025-08-08 18:42:04,115 - Knowledge - INFO - Found code_base: <app.utils.kg_build.knowledge.KnowledgeCodeBase object at 0x7fd0ed8e0e50>
2025-08-08 18:42:04,226 - Knowledge - INFO - Found code_base: <app.utils.kg_build.knowledge.KnowledgeCodeBase object at 0x7fd0ed8e0e50>
2025-08-08 18:42:04,347 - Knowledge - INFO - persist ingested knowledge for /app/data/rdk7542/90219/b3106gv/sample-90219/org.eclipse.example.calc.test/tst/org/eclipse/example/calc/internal/operations/AbstractOperationTest.java
2025-08-08 18:42:04,749 - Knowledge - INFO - process ingested knowledge for /app/data/rdk7542/90219/b3106gv/sample-90219/org.eclipse.example.calc/src/org/eclipse/example/calc/BinaryOperation.java
2025-08-08 18:42:04,872 - Knowledge - INFO - knowledge worker kw11 start
2025-08-08 18:42:04,874 - Knowledge - INFO - worker kw12 created with dedicated MongoDB connection (total: 12)
2025-08-08 18:42:05,046 - Knowledge - INFO - Found code-base-name: https://github.com/kavia-common/sample-90219.git:kavia-master
2025-08-08 18:42:05,623 - Knowledge - INFO - Found code_base: <app.utils.kg_build.knowledge.KnowledgeCodeBase object at 0x7fd0ed8e0e50>
2025-08-08 18:42:05,046 - Knowledge - INFO - Found code-base-name: https://github.com/kavia-common/sample-90219.git:kavia-master
2025-08-08 18:42:05,046 - Knowledge - INFO - worker kw10 pull /app/data/rdk7542/90219/b3106gv/sample-90219/org.eclipse.example.calc/src/org/eclipse/example/calc/Operation.java from ingest queue
2025-08-08 18:42:05,046 - Knowledge - INFO - worker kw3 pull /app/data/rdk7542/90219/b3106gv/sample-90219/org.eclipse.example.calc/src/org/eclipse/example/calc/internal/TextProvider.java from ingest queue
2025-08-08 18:42:05,046 - Knowledge - INFO - adding /app/data/rdk7542/90219/b3106gv/sample-90219/org.eclipse.example.calc.test/tst/org/eclipse/example/calc/internal/operations/SquareTest.java to ingest queue
2025-08-08 18:42:05,100 - Knowledge - INFO - persist ingested knowledge for /app/data/rdk7542/90219/b3106gv/sample-90219/org.eclipse.example.calc.test/tst/org/eclipse/example/calc/internal/operations/EqualsTest.java
2025-08-08 18:42:05,174 - Knowledge - INFO - persist ingested knowledge for /app/data/rdk7542/90219/b3106gv/sample-90219/org.eclipse.example.calc.test/tst/org/eclipse/example/calc/internal/CalculatorTest.java
2025-08-08 18:42:05,517 - Knowledge - INFO - knowledge worker kw12 start
2025-08-08 18:42:05,518 - Knowledge - INFO - worker kw13 created with dedicated MongoDB connection (total: 13)
2025-08-08 18:42:05,046 - Knowledge - INFO - Found code-base-name: https://github.com/kavia-common/sample-90219.git:kavia-master
2025-08-08 18:42:05,696 - Knowledge - INFO - persist ingested knowledge for /app/data/rdk7542/90219/b3106gv/sample-90219/org.eclipse.example.calc.test/pom.xml
2025-08-08 18:42:05,793 - Knowledge - INFO - Found code_base: <app.utils.kg_build.knowledge.KnowledgeCodeBase object at 0x7fd0ed8e0e50>
2025-08-08 18:42:05,902 - Knowledge - INFO - process ingested knowledge for /app/data/rdk7542/90219/b3106gv/sample-90219/org.eclipse.example.calc/src/org/eclipse/example/calc/Operation.java
2025-08-08 18:42:06,017 - Knowledge - INFO - process ingested knowledge for /app/data/rdk7542/90219/b3106gv/sample-90219/org.eclipse.example.calc/src/org/eclipse/example/calc/internal/TextProvider.java
2025-08-08 18:42:06,152 - Knowledge - INFO - Found code-base-name: https://github.com/kavia-common/sample-90219.git:kavia-master
2025-08-08 18:42:06,152 - Knowledge - INFO - worker kw11 pull /app/data/rdk7542/90219/b3106gv/sample-90219/org.eclipse.example.calc/src/org/eclipse/example/calc/internal/operations/Plus.java from ingest queue
2025-08-08 18:42:06,152 - Knowledge - INFO - worker kw4 pull /app/data/rdk7542/90219/b3106gv/sample-90219/org.eclipse.example.calc/src/org/eclipse/example/calc/internal/operations/Minus.java from ingest queue
2025-08-08 18:42:06,152 - Knowledge - INFO - adding /app/data/rdk7542/90219/b3106gv/sample-90219/org.eclipse.example.calc.test/tst/org/eclipse/example/calc/internal/operations/AbstractOperationTest.java to ingest queue
2025-08-08 18:42:06,569 - Knowledge - INFO - knowledge worker kw13 start
2025-08-08 18:42:06,571 - Knowledge - INFO - worker kw14 created with dedicated MongoDB connection (total: 14)
2025-08-08 18:42:06,643 - Knowledge - INFO - Found code_base: <app.utils.kg_build.knowledge.KnowledgeCodeBase object at 0x7fd0ed8e0e50>
2025-08-08 18:42:06,806 - Knowledge - INFO - persist ingested knowledge for /app/data/rdk7542/90219/b3106gv/sample-90219/org.eclipse.example.calc/src/org/eclipse/example/calc/Operations.java
2025-08-08 18:42:07,059 - Knowledge - INFO - Found code_base: <app.utils.kg_build.knowledge.KnowledgeCodeBase object at 0x7fd0ed8e0e50>
2025-08-08 18:42:07,170 - Knowledge - INFO - process ingested knowledge for /app/data/rdk7542/90219/b3106gv/sample-90219/org.eclipse.example.calc/src/org/eclipse/example/calc/internal/operations/Plus.java
2025-08-08 18:42:07,242 - Knowledge - INFO - process ingested knowledge for /app/data/rdk7542/90219/b3106gv/sample-90219/org.eclipse.example.calc/src/org/eclipse/example/calc/internal/operations/Minus.java
2025-08-08 18:42:07,397 - Knowledge - INFO - worker kw12 pull /app/data/rdk7542/90219/b3106gv/sample-90219/org.eclipse.example.calc/src/org/eclipse/example/calc/internal/operations/Square.java from ingest queue
2025-08-08 18:42:07,456 - Knowledge - INFO - Found code-base-name: https://github.com/kavia-common/sample-90219.git:kavia-master
2025-08-08 18:42:07,456 - Knowledge - INFO - Found code-base-name: https://github.com/kavia-common/sample-90219.git:kavia-master
2025-08-08 18:42:07,457 - Knowledge - INFO - worker kw5 pull /app/data/rdk7542/90219/b3106gv/sample-90219/org.eclipse.example.calc/src/org/eclipse/example/calc/internal/operations/AbstractOperation.java from ingest queue
2025-08-08 18:42:07,457 - Knowledge - INFO - adding /app/data/rdk7542/90219/b3106gv/sample-90219/org.eclipse.example.calc.test/tst/org/eclipse/example/calc/internal/operations/EqualsTest.java to ingest queue
2025-08-08 18:42:07,488 - Knowledge - INFO - knowledge worker kw14 start
2025-08-08 18:42:07,492 - Knowledge - INFO - worker kw15 created with dedicated MongoDB connection (total: 15)
2025-08-08 18:42:07,570 - Knowledge - INFO - persist ingested knowledge for /app/data/rdk7542/90219/b3106gv/sample-90219/org.eclipse.example.calc/src/org/eclipse/example/calc/UnaryOperation.java
2025-08-08 18:42:07,774 - Knowledge - INFO - persist ingested knowledge for /app/data/rdk7542/90219/b3106gv/sample-90219/org.eclipse.example.calc/src/org/eclipse/example/calc/BinaryOperation.java
2025-08-08 18:42:08,041 - Knowledge - INFO - process ingested knowledge for /app/data/rdk7542/90219/b3106gv/sample-90219/org.eclipse.example.calc/src/org/eclipse/example/calc/internal/operations/Square.java
2025-08-08 18:42:08,127 - Knowledge - INFO - Found code_base: <app.utils.kg_build.knowledge.KnowledgeCodeBase object at 0x7fd0ed8e0e50>
2025-08-08 18:42:08,225 - Knowledge - INFO - Found code_base: <app.utils.kg_build.knowledge.KnowledgeCodeBase object at 0x7fd0ed8e0e50>
2025-08-08 18:42:08,368 - Knowledge - INFO - process ingested knowledge for /app/data/rdk7542/90219/b3106gv/sample-90219/org.eclipse.example.calc/src/org/eclipse/example/calc/internal/operations/AbstractOperation.java
2025-08-08 18:42:08,418 - Knowledge - INFO - worker kw13 pull /app/data/rdk7542/90219/b3106gv/sample-90219/org.eclipse.example.calc/src/org/eclipse/example/calc/internal/operations/Divide.java from ingest queue
2025-08-08 18:42:08,419 - Knowledge - INFO - adding /app/data/rdk7542/90219/b3106gv/sample-90219/org.eclipse.example.calc.test/pom.xml to ingest queue
2025-08-08 18:42:08,591 - Knowledge - INFO - knowledge worker kw15 start
2025-08-08 18:42:08,593 - Knowledge - INFO - worker kw16 created with dedicated MongoDB connection (total: 16)
2025-08-08 18:42:08,947 - Knowledge - INFO - persist ingested knowledge for /app/data/rdk7542/90219/b3106gv/sample-90219/org.eclipse.example.calc/src/org/eclipse/example/calc/Operation.java
2025-08-08 18:42:09,024 - Knowledge - INFO - persist ingested knowledge for /app/data/rdk7542/90219/b3106gv/sample-90219/org.eclipse.example.calc/src/org/eclipse/example/calc/internal/TextProvider.java
2025-08-08 18:42:09,232 - Knowledge - INFO - process ingested knowledge for /app/data/rdk7542/90219/b3106gv/sample-90219/org.eclipse.example.calc/src/org/eclipse/example/calc/internal/operations/Divide.java
2025-08-08 18:42:09,319 - Knowledge - INFO - adding /app/data/rdk7542/90219/b3106gv/sample-90219/org.eclipse.example.calc.test/tst/org/eclipse/example/calc/internal/CalculatorTest.java to ingest queue
2025-08-08 18:42:09,484 - Knowledge - INFO - knowledge worker kw16 start
2025-08-08 18:42:09,487 - Knowledge - INFO - worker kw17 created with dedicated MongoDB connection (total: 17)
2025-08-08 18:42:09,965 - Knowledge - INFO - Found code-base-name: https://github.com/kavia-common/sample-90219.git:kavia-master
2025-08-08 18:42:09,965 - Knowledge - INFO - Found code-base-name: https://github.com/kavia-common/sample-90219.git:kavia-master
2025-08-08 18:42:09,965 - Knowledge - INFO - worker kw6 pull /app/data/rdk7542/90219/b3106gv/sample-90219/org.eclipse.example.calc/src/org/eclipse/example/calc/internal/operations/Equals.java from ingest queue
2025-08-08 18:42:09,965 - Knowledge - INFO - worker kw14 pull /app/data/rdk7542/90219/b3106gv/sample-90219/org.eclipse.example.calc/src/org/eclipse/example/calc/internal/Calculator.java from ingest queue
2025-08-08 18:42:10,037 - Knowledge - INFO - Found code-base-name: https://github.com/kavia-common/sample-90219.git:kavia-master
2025-08-08 18:42:10,038 - Knowledge - INFO - Found code-base-name: https://github.com/kavia-common/sample-90219.git:kavia-master
2025-08-08 18:42:10,038 - Knowledge - INFO - worker kw7 pull /app/data/rdk7542/90219/b3106gv/sample-90219/org.eclipse.example.calc/src/org/eclipse/example/calc/internal/ui/swing/CalculatorUI.java from ingest queue
2025-08-08 18:42:10,038 - Knowledge - INFO - worker kw15 pull /app/data/rdk7542/90219/b3106gv/sample-90219/org.eclipse.example.calc/src/org/eclipse/example/calc/internal/ui/swt/CalculatorUI.java from ingest queue
2025-08-08 18:42:10,039 - Knowledge - INFO - knowledge worker kw17 start
2025-08-08 18:42:10,043 - Knowledge - INFO - worker kw18 created with dedicated MongoDB connection (total: 18)
2025-08-08 18:42:10,106 - Knowledge - INFO - adding /app/data/rdk7542/90219/b3106gv/sample-90219/org.eclipse.example.calc/src/org/eclipse/example/calc/internal/TextProvider.java to ingest queue
2025-08-08 18:42:10,126 - Knowledge - INFO - Found code_base: <app.utils.kg_build.knowledge.KnowledgeCodeBase object at 0x7fd0ed8e0e50>
2025-08-08 18:42:10,208 - Knowledge - INFO - Found code_base: <app.utils.kg_build.knowledge.KnowledgeCodeBase object at 0x7fd0ed8e0e50>
2025-08-08 18:42:10,335 - Knowledge - INFO - process ingested knowledge for /app/data/rdk7542/90219/b3106gv/sample-90219/org.eclipse.example.calc/src/org/eclipse/example/calc/internal/operations/Equals.java
2025-08-08 18:42:10,420 - Knowledge - INFO - process ingested knowledge for /app/data/rdk7542/90219/b3106gv/sample-90219/org.eclipse.example.calc/src/org/eclipse/example/calc/internal/Calculator.java
2025-08-08 18:42:10,502 - Knowledge - INFO - Found code_base: <app.utils.kg_build.knowledge.KnowledgeCodeBase object at 0x7fd0ed8e0e50>
2025-08-08 18:42:10,582 - Knowledge - INFO - Found code_base: <app.utils.kg_build.knowledge.KnowledgeCodeBase object at 0x7fd0ed8e0e50>
2025-08-08 18:42:10,702 - Knowledge - INFO - process ingested knowledge for /app/data/rdk7542/90219/b3106gv/sample-90219/org.eclipse.example.calc/src/org/eclipse/example/calc/internal/ui/swing/CalculatorUI.java
2025-08-08 18:42:10,808 - Knowledge - INFO - process ingested knowledge for /app/data/rdk7542/90219/b3106gv/sample-90219/org.eclipse.example.calc/src/org/eclipse/example/calc/internal/ui/swt/CalculatorUI.java
2025-08-08 18:42:10,949 - Knowledge - INFO - knowledge worker kw18 start
2025-08-08 18:42:10,952 - Knowledge - INFO - worker kw19 created with dedicated MongoDB connection (total: 19)
2025-08-08 18:42:11,030 - Knowledge - INFO - worker kw1 pull /app/data/rdk7542/90219/b3106gv/sample-90219/org.eclipse.example.calc/pom.xml from ingest queue
2025-08-08 18:42:11,032 - Knowledge - INFO - adding /app/data/rdk7542/90219/b3106gv/sample-90219/org.eclipse.example.calc/src/org/eclipse/example/calc/Operations.java to ingest queue
2025-08-08 18:42:11,153 - Knowledge - INFO - persist ingested knowledge for /app/data/rdk7542/90219/b3106gv/sample-90219/org.eclipse.example.calc/src/org/eclipse/example/calc/internal/operations/Plus.java
2025-08-08 18:42:11,282 - Knowledge - INFO - persist ingested knowledge for /app/data/rdk7542/90219/b3106gv/sample-90219/org.eclipse.example.calc/src/org/eclipse/example/calc/internal/operations/Minus.java
2025-08-08 18:42:11,569 - Knowledge - INFO - persist ingested knowledge for /app/data/rdk7542/90219/b3106gv/sample-90219/org.eclipse.example.calc/src/org/eclipse/example/calc/internal/operations/Square.java
2025-08-08 18:42:11,665 - Knowledge - INFO - persist ingested knowledge for /app/data/rdk7542/90219/b3106gv/sample-90219/org.eclipse.example.calc/src/org/eclipse/example/calc/internal/operations/AbstractOperation.java
2025-08-08 18:42:12,005 - Knowledge - INFO - knowledge worker kw19 start
2025-08-08 18:42:12,007 - Knowledge - INFO - worker kw20 created with dedicated MongoDB connection (total: 20)
2025-08-08 18:42:12,122 - Knowledge - INFO - process ingested knowledge for /app/data/rdk7542/90219/b3106gv/sample-90219/org.eclipse.example.calc/pom.xml
2025-08-08 18:42:12,164 - Knowledge - INFO - worker kw16 pull /app/data/rdk7542/90219/b3106gv/sample-90219/pom.xml from ingest queue
2025-08-08 18:42:12,164 - Knowledge - INFO - adding /app/data/rdk7542/90219/b3106gv/sample-90219/org.eclipse.example.calc/src/org/eclipse/example/calc/BinaryOperation.java to ingest queue
2025-08-08 18:42:12,738 - Knowledge - INFO - knowledge worker kw20 start
2025-08-08 18:42:12,741 - Knowledge - WARNING - High connection count: 21 connections active
2025-08-08 18:42:12,947 - Knowledge - INFO - process ingested knowledge for /app/data/rdk7542/90219/b3106gv/sample-90219/pom.xml
2025-08-08 18:42:13,056 - Knowledge - INFO - Found code-base-name: https://github.com/kavia-common/sample-90219.git:kavia-master
2025-08-08 18:42:13,056 - Knowledge - INFO - worker kw17 pull /app/data/rdk7542/90219/b3106gv/sample-90219/org.eclipse.example.calc.test/tst/org/eclipse/example/calc/OperationsTest.java from ingest queue
2025-08-08 18:42:13,114 - Knowledge - INFO - worker kw3 pull /app/data/rdk7542/90219/b3106gv/sample-90219/org.eclipse.example.calc.test/tst/org/eclipse/example/calc/internal/operations/PlusTest.java from ingest queue
2025-08-08 18:42:13,114 - Knowledge - INFO - Found code-base-name: https://github.com/kavia-common/sample-90219.git:kavia-master
2025-08-08 18:42:13,114 - Knowledge - INFO - Found code-base-name: https://github.com/kavia-common/sample-90219.git:kavia-master
2025-08-08 18:42:13,114 - Knowledge - INFO - Found code-base-name: https://github.com/kavia-common/sample-90219.git:kavia-master
2025-08-08 18:42:13,114 - Knowledge - INFO - worker kw18 pull /app/data/rdk7542/90219/b3106gv/sample-90219/org.eclipse.example.calc.test/tst/org/eclipse/example/calc/internal/operations/MinusTest.java from ingest queue
2025-08-08 18:42:13,114 - Knowledge - INFO - worker kw8 pull /app/data/rdk7542/90219/b3106gv/sample-90219/org.eclipse.example.calc.test/tst/org/eclipse/example/calc/internal/operations/SquareTest.java from ingest queue
2025-08-08 18:42:13,156 - Knowledge - INFO - worker kw21 created with dedicated MongoDB connection (total: 21)
2025-08-08 18:42:13,308 - Knowledge - INFO - worker kw19 pull /app/data/rdk7542/90219/b3106gv/sample-90219/org.eclipse.example.calc.test/tst/org/eclipse/example/calc/internal/operations/AbstractOperationTest.java from ingest queue
2025-08-08 18:42:13,308 - Knowledge - INFO - Found code-base-name: https://github.com/kavia-common/sample-90219.git:kavia-master
2025-08-08 18:42:13,308 - Knowledge - INFO - worker kw9 pull /app/data/rdk7542/90219/b3106gv/sample-90219/org.eclipse.example.calc.test/tst/org/eclipse/example/calc/internal/operations/EqualsTest.java from ingest queue
2025-08-08 18:42:13,308 - Knowledge - INFO - adding /app/data/rdk7542/90219/b3106gv/sample-90219/org.eclipse.example.calc/src/org/eclipse/example/calc/Operation.java to ingest queue
2025-08-08 18:42:13,340 - Knowledge - INFO - Found code_base: <app.utils.kg_build.knowledge.KnowledgeCodeBase object at 0x7fd0ed8e0e50>
2025-08-08 18:42:13,424 - Knowledge - INFO - Thread kw17 - File OperationsTest.java - Remaining files in queue: 5
2025-08-08 18:42:13,511 - Knowledge - INFO - Thread kw3 - File PlusTest.java - Remaining files in queue: 5
2025-08-08 18:42:13,613 - Knowledge - INFO - Found code_base: <app.utils.kg_build.knowledge.KnowledgeCodeBase object at 0x7fd0ed8e0e50>
2025-08-08 18:42:13,735 - Knowledge - INFO - Found code_base: <app.utils.kg_build.knowledge.KnowledgeCodeBase object at 0x7fd0ed8e0e50>
2025-08-08 18:42:13,836 - Knowledge - INFO - Found code_base: <app.utils.kg_build.knowledge.KnowledgeCodeBase object at 0x7fd0ed8e0e50>
2025-08-08 18:42:13,945 - Knowledge - INFO - Thread kw18 - File MinusTest.java - Remaining files in queue: 5
2025-08-08 18:42:14,033 - Knowledge - INFO - Thread kw8 - File SquareTest.java - Remaining files in queue: 5
2025-08-08 18:42:14,149 - Knowledge - INFO - knowledge worker kw21 start
2025-08-08 18:42:14,151 - Knowledge - WARNING - High connection count: 22 connections active
2025-08-08 18:42:14,264 - Knowledge - INFO - Thread kw19 - File AbstractOperationTest.java - Remaining files in queue: 5
2025-08-08 18:42:14,351 - Knowledge - INFO - Found code_base: <app.utils.kg_build.knowledge.KnowledgeCodeBase object at 0x7fd0ed8e0e50>
2025-08-08 18:42:14,459 - Knowledge - INFO - Thread kw9 - File EqualsTest.java - Remaining files in queue: 5
2025-08-08 18:42:14,559 - Knowledge - INFO - Found code-base-name: https://github.com/kavia-common/sample-90219.git:kavia-master
2025-08-08 18:42:14,622 - Knowledge - INFO - adding /app/data/rdk7542/90219/b3106gv/sample-90219/org.eclipse.example.calc/src/org/eclipse/example/calc/UnaryOperation.java to ingest queue
2025-08-08 18:42:14,655 - Knowledge - INFO - persist ingested knowledge for /app/data/rdk7542/90219/b3106gv/sample-90219/org.eclipse.example.calc/src/org/eclipse/example/calc/internal/operations/Divide.java
2025-08-08 18:42:14,732 - Knowledge - INFO - start ingest for /app/data/rdk7542/90219/b3106gv/sample-90219/org.eclipse.example.calc.test/tst/org/eclipse/example/calc/OperationsTest.java
2025-08-08 18:42:14,827 - Knowledge - INFO - start ingest for /app/data/rdk7542/90219/b3106gv/sample-90219/org.eclipse.example.calc.test/tst/org/eclipse/example/calc/internal/operations/PlusTest.java
2025-08-08 18:42:14,925 - Knowledge - INFO - persist ingested knowledge for /app/data/rdk7542/90219/b3106gv/sample-90219/org.eclipse.example.calc/src/org/eclipse/example/calc/internal/operations/Equals.java
2025-08-08 18:42:15,004 - Knowledge - INFO - persist ingested knowledge for /app/data/rdk7542/90219/b3106gv/sample-90219/org.eclipse.example.calc/src/org/eclipse/example/calc/internal/Calculator.java
2025-08-08 18:42:15,074 - Knowledge - INFO - persist ingested knowledge for /app/data/rdk7542/90219/b3106gv/sample-90219/org.eclipse.example.calc/src/org/eclipse/example/calc/internal/ui/swing/CalculatorUI.java
2025-08-08 18:42:15,188 - Knowledge - INFO - start ingest for /app/data/rdk7542/90219/b3106gv/sample-90219/org.eclipse.example.calc.test/tst/org/eclipse/example/calc/internal/operations/MinusTest.java
2025-08-08 18:42:15,260 - Knowledge - INFO - start ingest for /app/data/rdk7542/90219/b3106gv/sample-90219/org.eclipse.example.calc.test/tst/org/eclipse/example/calc/internal/operations/SquareTest.java
2025-08-08 18:42:15,445 - Knowledge - INFO - worker kw22 created with dedicated MongoDB connection (total: 22)
2025-08-08 18:42:15,524 - Knowledge - INFO - start ingest for /app/data/rdk7542/90219/b3106gv/sample-90219/org.eclipse.example.calc.test/tst/org/eclipse/example/calc/internal/operations/AbstractOperationTest.java
2025-08-08 18:42:15,612 - Knowledge - INFO - persist ingested knowledge for /app/data/rdk7542/90219/b3106gv/sample-90219/org.eclipse.example.calc/pom.xml
2025-08-08 18:42:15,693 - Knowledge - INFO - start ingest for /app/data/rdk7542/90219/b3106gv/sample-90219/org.eclipse.example.calc.test/tst/org/eclipse/example/calc/internal/operations/EqualsTest.java
2025-08-08 18:42:15,766 - Knowledge - INFO - Found code_base: <app.utils.kg_build.knowledge.KnowledgeCodeBase object at 0x7fd0ed8e0e50>
2025-08-08 18:42:15,868 - Knowledge - INFO - adding /app/data/rdk7542/90219/b3106gv/sample-90219/org.eclipse.example.calc/src/org/eclipse/example/calc/internal/operations/Plus.java to ingest queue
2025-08-08 18:42:16,805 - Knowledge - INFO - knowledge worker kw22 start
2025-08-08 18:42:16,807 - Knowledge - WARNING - High connection count: 23 connections active
2025-08-08 18:42:17,159 - Knowledge - INFO - persist ingested knowledge for /app/data/rdk7542/90219/b3106gv/sample-90219/org.eclipse.example.calc/src/org/eclipse/example/calc/internal/ui/swt/CalculatorUI.java
2025-08-08 18:42:17,285 - Knowledge - INFO - Found code-base-name: https://github.com/kavia-common/sample-90219.git:kavia-master
2025-08-08 18:42:17,285 - Knowledge - INFO - adding /app/data/rdk7542/90219/b3106gv/sample-90219/org.eclipse.example.calc/src/org/eclipse/example/calc/internal/operations/Square.java to ingest queue
2025-08-08 18:42:17,442 - Knowledge - INFO - worker kw23 created with dedicated MongoDB connection (total: 23)
2025-08-08 18:42:17,641 - Knowledge - INFO - Found code_base: <app.utils.kg_build.knowledge.KnowledgeCodeBase object at 0x7fd0ed8e0e50>
2025-08-08 18:42:17,742 - Knowledge - INFO - adding /app/data/rdk7542/90219/b3106gv/sample-90219/org.eclipse.example.calc/src/org/eclipse/example/calc/internal/operations/AbstractOperation.java to ingest queue
2025-08-08 18:42:17,846 - Knowledge - INFO - knowledge worker kw23 start
2025-08-08 18:42:17,849 - Knowledge - WARNING - High connection count: 24 connections active
2025-08-08 18:42:17,937 - Knowledge - INFO - persist ingested knowledge for /app/data/rdk7542/90219/b3106gv/sample-90219/pom.xml
2025-08-08 18:42:18,023 - Knowledge - INFO - worker kw20 pull /app/data/rdk7542/90219/b3106gv/sample-90219/org.eclipse.example.calc.test/pom.xml from ingest queue
2025-08-08 18:42:18,024 - Knowledge - INFO - worker kw10 pull /app/data/rdk7542/90219/b3106gv/sample-90219/org.eclipse.example.calc.test/tst/org/eclipse/example/calc/internal/CalculatorTest.java from ingest queue
2025-08-08 18:42:18,025 - Knowledge - INFO - adding /app/data/rdk7542/90219/b3106gv/sample-90219/org.eclipse.example.calc/src/org/eclipse/example/calc/internal/operations/Minus.java to ingest queue
2025-08-08 18:42:18,219 - Knowledge - INFO - worker kw24 created with dedicated MongoDB connection (total: 24)
2025-08-08 18:42:18,412 - Knowledge - INFO - Thread kw20 - File pom.xml - Remaining files in queue: 8
2025-08-08 18:42:18,487 - Knowledge - INFO - Thread kw10 - File CalculatorTest.java - Remaining files in queue: 8
2025-08-08 18:42:18,811 - Knowledge - INFO - start ingest for /app/data/rdk7542/90219/b3106gv/sample-90219/org.eclipse.example.calc.test/tst/org/eclipse/example/calc/internal/CalculatorTest.java
2025-08-08 18:42:18,660 - Knowledge - INFO - knowledge worker kw24 start
2025-08-08 18:42:18,732 - Knowledge - INFO - start ingest for /app/data/rdk7542/90219/b3106gv/sample-90219/org.eclipse.example.calc.test/pom.xml
2025-08-08 18:42:18,558 - Knowledge - INFO - worker kw2 pull /app/data/rdk7542/90219/b3106gv/sample-90219/org.eclipse.example.calc/src/org/eclipse/example/calc/internal/TextProvider.java from ingest queue
2025-08-08 18:42:18,835 - Knowledge - INFO - worker kw11 pull /app/data/rdk7542/90219/b3106gv/sample-90219/org.eclipse.example.calc/src/org/eclipse/example/calc/Operations.java from ingest queue
2025-08-08 18:42:18,835 - Knowledge - INFO - worker kw22 pull /app/data/rdk7542/90219/b3106gv/sample-90219/org.eclipse.example.calc/src/org/eclipse/example/calc/BinaryOperation.java from ingest queue
2025-08-08 18:42:18,835 - Knowledge - INFO - worker kw12 pull /app/data/rdk7542/90219/b3106gv/sample-90219/org.eclipse.example.calc/src/org/eclipse/example/calc/Operation.java from ingest queue
2025-08-08 18:42:18,835 - Knowledge - INFO - worker kw5 pull /app/data/rdk7542/90219/b3106gv/sample-90219/org.eclipse.example.calc/src/org/eclipse/example/calc/UnaryOperation.java from ingest queue
2025-08-08 18:42:18,835 - Knowledge - INFO - worker kw23 pull /app/data/rdk7542/90219/b3106gv/sample-90219/org.eclipse.example.calc/src/org/eclipse/example/calc/internal/operations/Plus.java from ingest queue
2025-08-08 18:42:18,910 - Knowledge - INFO - worker kw4 pull /app/data/rdk7542/90219/b3106gv/sample-90219/org.eclipse.example.calc/src/org/eclipse/example/calc/internal/operations/Square.java from ingest queue
2025-08-08 18:42:18,910 - Knowledge - INFO - adding /app/data/rdk7542/90219/b3106gv/sample-90219/org.eclipse.example.calc/src/org/eclipse/example/calc/internal/operations/Divide.java to ingest queue
2025-08-08 18:42:19,123 - Knowledge - INFO - Fast-track processing for simple file: /app/data/rdk7542/90219/b3106gv/sample-90219/org.eclipse.example.calc.test/pom.xml
2025-08-08 18:42:19,219 - Knowledge - INFO - Thread kw2 - File TextProvider.java - Remaining files in queue: 2
2025-08-08 18:42:19,303 - Knowledge - INFO - Thread kw11 - File Operations.java - Remaining files in queue: 2
2025-08-08 18:42:19,365 - Knowledge - INFO - Thread kw22 - File BinaryOperation.java - Remaining files in queue: 2
2025-08-08 18:42:19,446 - Knowledge - INFO - Thread kw12 - File Operation.java - Remaining files in queue: 2
2025-08-08 18:42:19,537 - Knowledge - INFO - Thread kw5 - File UnaryOperation.java - Remaining files in queue: 2
2025-08-08 18:42:19,619 - Knowledge - INFO - Thread kw23 - File Plus.java - Remaining files in queue: 2
2025-08-08 18:42:19,733 - Knowledge - INFO - Thread kw4 - File Square.java - Remaining files in queue: 2
2025-08-08 18:42:19,841 - Knowledge - INFO - adding /app/data/rdk7542/90219/b3106gv/sample-90219/org.eclipse.example.calc/src/org/eclipse/example/calc/internal/ui/swing/CalculatorUI.java to ingest queue
2025-08-08 18:42:20,067 - Knowledge - INFO - done fast ingest for /app/data/rdk7542/90219/b3106gv/sample-90219/org.eclipse.example.calc.test/pom.xml
2025-08-08 18:42:20,185 - Knowledge - INFO - start ingest for /app/data/rdk7542/90219/b3106gv/sample-90219/org.eclipse.example.calc/src/org/eclipse/example/calc/internal/TextProvider.java
2025-08-08 18:42:20,287 - Knowledge - INFO - start ingest for /app/data/rdk7542/90219/b3106gv/sample-90219/org.eclipse.example.calc/src/org/eclipse/example/calc/Operations.java
2025-08-08 18:42:20,367 - Knowledge - INFO - start ingest for /app/data/rdk7542/90219/b3106gv/sample-90219/org.eclipse.example.calc/src/org/eclipse/example/calc/BinaryOperation.java
2025-08-08 18:42:20,482 - Knowledge - INFO - start ingest for /app/data/rdk7542/90219/b3106gv/sample-90219/org.eclipse.example.calc/src/org/eclipse/example/calc/Operation.java
2025-08-08 18:42:20,605 - Knowledge - INFO - start ingest for /app/data/rdk7542/90219/b3106gv/sample-90219/org.eclipse.example.calc/src/org/eclipse/example/calc/UnaryOperation.java
2025-08-08 18:42:20,728 - Knowledge - INFO - start ingest for /app/data/rdk7542/90219/b3106gv/sample-90219/org.eclipse.example.calc/src/org/eclipse/example/calc/internal/operations/Plus.java
2025-08-08 18:42:20,803 - Knowledge - INFO - start ingest for /app/data/rdk7542/90219/b3106gv/sample-90219/org.eclipse.example.calc/src/org/eclipse/example/calc/internal/operations/Square.java
2025-08-08 18:42:20,970 - Knowledge - INFO - adding /app/data/rdk7542/90219/b3106gv/sample-90219/org.eclipse.example.calc/pom.xml to ingest queue
2025-08-08 18:42:20,978 - Knowledge - INFO - process ingested knowledge for /app/data/rdk7542/90219/b3106gv/sample-90219/org.eclipse.example.calc.test/pom.xml
2025-08-08 18:42:21,777 - Knowledge - INFO - worker kw21 pull /app/data/rdk7542/90219/b3106gv/sample-90219/org.eclipse.example.calc/src/org/eclipse/example/calc/internal/operations/AbstractOperation.java from ingest queue
2025-08-08 18:42:21,859 - Knowledge - INFO - adding /app/data/rdk7542/90219/b3106gv/sample-90219/org.eclipse.example.calc/src/org/eclipse/example/calc/internal/Calculator.java to ingest queue
2025-08-08 18:42:21,978 - Knowledge - INFO - Thread kw21 - File AbstractOperation.java - Remaining files in queue: 4
2025-08-08 18:42:22,082 - Knowledge - INFO - adding /app/data/rdk7542/90219/b3106gv/sample-90219/org.eclipse.example.calc/src/org/eclipse/example/calc/internal/operations/Equals.java to ingest queue
2025-08-08 18:42:22,168 - Knowledge - INFO - start ingest for /app/data/rdk7542/90219/b3106gv/sample-90219/org.eclipse.example.calc/src/org/eclipse/example/calc/internal/operations/AbstractOperation.java
2025-08-08 18:42:22,284 - Knowledge - INFO - worker kw24 pull /app/data/rdk7542/90219/b3106gv/sample-90219/org.eclipse.example.calc/src/org/eclipse/example/calc/internal/operations/Minus.java from ingest queue
2025-08-08 18:42:22,284 - Knowledge - INFO - worker kw13 pull /app/data/rdk7542/90219/b3106gv/sample-90219/org.eclipse.example.calc/src/org/eclipse/example/calc/internal/operations/Divide.java from ingest queue
2025-08-08 18:42:22,285 - Knowledge - INFO - worker kw7 pull /app/data/rdk7542/90219/b3106gv/sample-90219/org.eclipse.example.calc/src/org/eclipse/example/calc/internal/ui/swing/CalculatorUI.java from ingest queue
2025-08-08 18:42:22,285 - Knowledge - INFO - worker kw1 pull /app/data/rdk7542/90219/b3106gv/sample-90219/org.eclipse.example.calc/pom.xml from ingest queue
2025-08-08 18:42:22,286 - Knowledge - INFO - Found code-base-name: https://github.com/kavia-common/sample-90219.git:kavia-master
2025-08-08 18:42:22,286 - Knowledge - INFO - worker kw6 pull /app/data/rdk7542/90219/b3106gv/sample-90219/org.eclipse.example.calc/src/org/eclipse/example/calc/internal/Calculator.java from ingest queue
2025-08-08 18:42:22,286 - Knowledge - INFO - adding /app/data/rdk7542/90219/b3106gv/sample-90219/org.eclipse.example.calc/src/org/eclipse/example/calc/internal/ui/swt/CalculatorUI.java to ingest queue
2025-08-08 18:42:22,548 - Knowledge - INFO - Thread kw24 - File Minus.java - Remaining files in queue: 1
2025-08-08 18:42:22,677 - Knowledge - INFO - Thread kw13 - File Divide.java - Remaining files in queue: 1
2025-08-08 18:42:22,810 - Knowledge - INFO - Thread kw7 - File CalculatorUI.java - Remaining files in queue: 1
2025-08-08 18:42:22,861 - Knowledge - INFO - done ingest for /app/data/rdk7542/90219/b3106gv/sample-90219/org.eclipse.example.calc.test/tst/org/eclipse/example/calc/OperationsTest.java
2025-08-08 18:42:22,938 - Knowledge - INFO - Thread kw1 - File pom.xml - Remaining files in queue: 1
2025-08-08 18:42:23,033 - Knowledge - INFO - Found code_base: <app.utils.kg_build.knowledge.KnowledgeCodeBase object at 0x7fd0ed8e0e50>
2025-08-08 18:42:23,150 - Knowledge - INFO - Thread kw6 - File Calculator.java - Remaining files in queue: 1
2025-08-08 18:42:23,240 - Knowledge - INFO - worker kw14 pull /app/data/rdk7542/90219/b3106gv/sample-90219/org.eclipse.example.calc/src/org/eclipse/example/calc/internal/operations/Equals.java from ingest queue
2025-08-08 18:42:23,240 - Knowledge - INFO - adding /app/data/rdk7542/90219/b3106gv/sample-90219/pom.xml to ingest queue
2025-08-08 18:42:23,345 - Knowledge - INFO - start ingest for /app/data/rdk7542/90219/b3106gv/sample-90219/org.eclipse.example.calc/src/org/eclipse/example/calc/internal/operations/Minus.java
2025-08-08 18:42:23,432 - Knowledge - INFO - start ingest for /app/data/rdk7542/90219/b3106gv/sample-90219/org.eclipse.example.calc/src/org/eclipse/example/calc/internal/operations/Divide.java
2025-08-08 18:42:23,552 - Knowledge - INFO - start ingest for /app/data/rdk7542/90219/b3106gv/sample-90219/org.eclipse.example.calc/src/org/eclipse/example/calc/internal/ui/swing/CalculatorUI.java
2025-08-08 18:42:23,654 - Knowledge - INFO - process ingested knowledge for /app/data/rdk7542/90219/b3106gv/sample-90219/org.eclipse.example.calc.test/tst/org/eclipse/example/calc/OperationsTest.java
2025-08-08 18:42:23,746 - Knowledge - INFO - start ingest for /app/data/rdk7542/90219/b3106gv/sample-90219/org.eclipse.example.calc/pom.xml
2025-08-08 18:42:23,840 - Knowledge - INFO - persist ingested knowledge for /app/data/rdk7542/90219/b3106gv/sample-90219/org.eclipse.example.calc.test/pom.xml
2025-08-08 18:42:23,930 - Knowledge - INFO - start ingest for /app/data/rdk7542/90219/b3106gv/sample-90219/org.eclipse.example.calc/src/org/eclipse/example/calc/internal/Calculator.java
2025-08-08 18:42:24,020 - Knowledge - INFO - Thread kw14 - File Equals.java - Remaining files in queue: 1
2025-08-08 18:42:24,146 - Knowledge - INFO - worker kw15 pull /app/data/rdk7542/90219/b3106gv/sample-90219/org.eclipse.example.calc/src/org/eclipse/example/calc/internal/ui/swt/CalculatorUI.java from ingest queue
2025-08-08 18:42:24,149 - Knowledge - INFO - worker kw16 pull /app/data/rdk7542/90219/b3106gv/sample-90219/pom.xml from ingest queue
2025-08-08 18:42:24,363 - Knowledge - INFO - Fast-track processing for simple file: /app/data/rdk7542/90219/b3106gv/sample-90219/org.eclipse.example.calc/src/org/eclipse/example/calc/internal/operations/Divide.java
2025-08-08 18:42:24,591 - Knowledge - INFO - Found code-base-name: https://github.com/kavia-common/sample-90219.git:kavia-master
2025-08-08 18:42:24,708 - Knowledge - INFO - Fast-track processing for simple file: /app/data/rdk7542/90219/b3106gv/sample-90219/org.eclipse.example.calc/pom.xml
2025-08-08 18:42:25,072 - Knowledge - INFO - start ingest for /app/data/rdk7542/90219/b3106gv/sample-90219/org.eclipse.example.calc/src/org/eclipse/example/calc/internal/operations/Equals.java
2025-08-08 18:42:25,164 - Knowledge - INFO - Thread kw15 - File CalculatorUI.java - Remaining files in queue: 0
2025-08-08 18:42:25,275 - Knowledge - INFO - Thread kw16 - File pom.xml - Remaining files in queue: 0
2025-08-08 18:42:25,380 - Knowledge - INFO - done fast ingest for /app/data/rdk7542/90219/b3106gv/sample-90219/org.eclipse.example.calc/src/org/eclipse/example/calc/internal/operations/Divide.java
2025-08-08 18:42:25,509 - Knowledge - INFO - Found code_base: <app.utils.kg_build.knowledge.KnowledgeCodeBase object at 0x7fd0ed8e0e50>
2025-08-08 18:42:25,673 - Knowledge - INFO - done fast ingest for /app/data/rdk7542/90219/b3106gv/sample-90219/org.eclipse.example.calc/pom.xml
2025-08-08 18:42:25,908 - Knowledge - INFO - start ingest for /app/data/rdk7542/90219/b3106gv/sample-90219/org.eclipse.example.calc/src/org/eclipse/example/calc/internal/ui/swt/CalculatorUI.java
2025-08-08 18:42:25,999 - Knowledge - INFO - start ingest for /app/data/rdk7542/90219/b3106gv/sample-90219/pom.xml
2025-08-08 18:42:26,170 - Knowledge - INFO - process ingested knowledge for /app/data/rdk7542/90219/b3106gv/sample-90219/org.eclipse.example.calc/src/org/eclipse/example/calc/internal/operations/Divide.java
2025-08-08 18:42:26,271 - Knowledge - INFO - persist ingested knowledge for /app/data/rdk7542/90219/b3106gv/sample-90219/org.eclipse.example.calc.test/tst/org/eclipse/example/calc/OperationsTest.java
2025-08-08 18:42:26,418 - Knowledge - INFO - process ingested knowledge for /app/data/rdk7542/90219/b3106gv/sample-90219/org.eclipse.example.calc/pom.xml
2025-08-08 18:42:26,740 - Knowledge - INFO - Fast-track processing for simple file: /app/data/rdk7542/90219/b3106gv/sample-90219/pom.xml
2025-08-08 18:42:26,780 - Knowledge - INFO - Found code-base-name: https://github.com/kavia-common/sample-90219.git:kavia-master
2025-08-08 18:42:27,056 - Knowledge - INFO - Found code-base-name: https://github.com/kavia-common/sample-90219.git:kavia-master
2025-08-08 18:42:27,084 - Knowledge - INFO - done fast ingest for /app/data/rdk7542/90219/b3106gv/sample-90219/pom.xml
2025-08-08 18:42:27,194 - Knowledge - INFO - Found code_base: <app.utils.kg_build.knowledge.KnowledgeCodeBase object at 0x7fd0ed8e0e50>
2025-08-08 18:42:27,273 - Knowledge - INFO - Found code_base: <app.utils.kg_build.knowledge.KnowledgeCodeBase object at 0x7fd0ed8e0e50>
2025-08-08 18:42:27,382 - Knowledge - INFO - process ingested knowledge for /app/data/rdk7542/90219/b3106gv/sample-90219/pom.xml
2025-08-08 18:42:27,496 - Knowledge - INFO - persist ingested knowledge for /app/data/rdk7542/90219/b3106gv/sample-90219/org.eclipse.example.calc/src/org/eclipse/example/calc/internal/operations/Divide.java
2025-08-08 18:42:27,606 - Knowledge - INFO - persist ingested knowledge for /app/data/rdk7542/90219/b3106gv/sample-90219/org.eclipse.example.calc/pom.xml
2025-08-08 18:42:27,759 - Knowledge - INFO - Found code-base-name: https://github.com/kavia-common/sample-90219.git:kavia-master
2025-08-08 18:42:27,768 - Knowledge - INFO - done ingest for /app/data/rdk7542/90219/b3106gv/sample-90219/org.eclipse.example.calc.test/tst/org/eclipse/example/calc/internal/operations/PlusTest.java
2025-08-08 18:42:28,053 - Knowledge - INFO - Found code_base: <app.utils.kg_build.knowledge.KnowledgeCodeBase object at 0x7fd0ed8e0e50>
2025-08-08 18:42:28,300 - Knowledge - INFO - persist ingested knowledge for /app/data/rdk7542/90219/b3106gv/sample-90219/pom.xml
2025-08-08 18:42:28,204 - Knowledge - INFO - done ingest for /app/data/rdk7542/90219/b3106gv/sample-90219/org.eclipse.example.calc.test/tst/org/eclipse/example/calc/internal/operations/SquareTest.java
2025-08-08 18:42:28,172 - Knowledge - INFO - process ingested knowledge for /app/data/rdk7542/90219/b3106gv/sample-90219/org.eclipse.example.calc.test/tst/org/eclipse/example/calc/internal/operations/PlusTest.java
2025-08-08 18:42:28,512 - Knowledge - INFO - process ingested knowledge for /app/data/rdk7542/90219/b3106gv/sample-90219/org.eclipse.example.calc.test/tst/org/eclipse/example/calc/internal/operations/SquareTest.java
2025-08-08 18:42:28,658 - Knowledge - INFO - Found code-base-name: https://github.com/kavia-common/sample-90219.git:kavia-master
2025-08-08 18:42:28,748 - Knowledge - INFO - Found code-base-name: https://github.com/kavia-common/sample-90219.git:kavia-master
2025-08-08 18:42:28,839 - Knowledge - INFO - Found code_base: <app.utils.kg_build.knowledge.KnowledgeCodeBase object at 0x7fd0ed8e0e50>
2025-08-08 18:42:28,969 - Knowledge - INFO - Found code_base: <app.utils.kg_build.knowledge.KnowledgeCodeBase object at 0x7fd0ed8e0e50>
2025-08-08 18:42:29,082 - Knowledge - INFO - persist ingested knowledge for /app/data/rdk7542/90219/b3106gv/sample-90219/org.eclipse.example.calc.test/tst/org/eclipse/example/calc/internal/operations/PlusTest.java
2025-08-08 18:42:29,100 - Knowledge - INFO - done ingest for /app/data/rdk7542/90219/b3106gv/sample-90219/org.eclipse.example.calc.test/tst/org/eclipse/example/calc/internal/operations/EqualsTest.java
2025-08-08 18:42:29,284 - Knowledge - INFO - persist ingested knowledge for /app/data/rdk7542/90219/b3106gv/sample-90219/org.eclipse.example.calc.test/tst/org/eclipse/example/calc/internal/operations/SquareTest.java
2025-08-08 18:42:29,379 - Knowledge - INFO - done ingest for /app/data/rdk7542/90219/b3106gv/sample-90219/org.eclipse.example.calc.test/tst/org/eclipse/example/calc/internal/operations/MinusTest.java
2025-08-08 18:42:29,490 - Knowledge - INFO - process ingested knowledge for /app/data/rdk7542/90219/b3106gv/sample-90219/org.eclipse.example.calc.test/tst/org/eclipse/example/calc/internal/operations/EqualsTest.java
2025-08-08 18:42:29,620 - Knowledge - INFO - done ingest for /app/data/rdk7542/90219/b3106gv/sample-90219/org.eclipse.example.calc.test/tst/org/eclipse/example/calc/internal/operations/AbstractOperationTest.java
2025-08-08 18:42:29,743 - Knowledge - INFO - process ingested knowledge for /app/data/rdk7542/90219/b3106gv/sample-90219/org.eclipse.example.calc.test/tst/org/eclipse/example/calc/internal/operations/MinusTest.java
2025-08-08 18:42:29,948 - Knowledge - INFO - process ingested knowledge for /app/data/rdk7542/90219/b3106gv/sample-90219/org.eclipse.example.calc.test/tst/org/eclipse/example/calc/internal/operations/AbstractOperationTest.java
2025-08-08 18:42:30,435 - Knowledge - INFO - persist search terms embedding for org.eclipse.example.calc.test/tst/org/eclipse/example/calc/internal/operations/PlusTest.java
2025-08-08 18:42:30,530 - Knowledge - INFO - Found code-base-name: https://github.com/kavia-common/sample-90219.git:kavia-master
2025-08-08 18:42:30,621 - Knowledge - INFO - Found code_base: <app.utils.kg_build.knowledge.KnowledgeCodeBase object at 0x7fd0ed8e0e50>
2025-08-08 18:42:30,701 - Knowledge - INFO - persist ingested knowledge for /app/data/rdk7542/90219/b3106gv/sample-90219/org.eclipse.example.calc.test/tst/org/eclipse/example/calc/internal/operations/EqualsTest.java
2025-08-08 18:42:30,881 - Knowledge - INFO - persist search terms embedding for org.eclipse.example.calc.test/tst/org/eclipse/example/calc/internal/operations/SquareTest.java
2025-08-08 18:42:30,999 - Knowledge - INFO - Found code-base-name: https://github.com/kavia-common/sample-90219.git:kavia-master
2025-08-08 18:42:31,000 - Knowledge - INFO - Found code-base-name: https://github.com/kavia-common/sample-90219.git:kavia-master
2025-08-08 18:42:31,079 - Knowledge - INFO - Found code_base: <app.utils.kg_build.knowledge.KnowledgeCodeBase object at 0x7fd0ed8e0e50>
2025-08-08 18:42:31,161 - Knowledge - INFO - Found code_base: <app.utils.kg_build.knowledge.KnowledgeCodeBase object at 0x7fd0ed8e0e50>
2025-08-08 18:42:31,263 - Knowledge - INFO - persist ingested knowledge for /app/data/rdk7542/90219/b3106gv/sample-90219/org.eclipse.example.calc.test/tst/org/eclipse/example/calc/internal/operations/MinusTest.java
2025-08-08 18:42:31,355 - Knowledge - INFO - persist ingested knowledge for /app/data/rdk7542/90219/b3106gv/sample-90219/org.eclipse.example.calc.test/tst/org/eclipse/example/calc/internal/operations/AbstractOperationTest.java
2025-08-08 18:42:32,084 - Knowledge - INFO - persist search terms embedding for org.eclipse.example.calc.test/tst/org/eclipse/example/calc/internal/operations/EqualsTest.java
2025-08-08 18:42:32,654 - Knowledge - INFO - persist search terms embedding for org.eclipse.example.calc.test/tst/org/eclipse/example/calc/internal/operations/MinusTest.java
2025-08-08 18:42:33,148 - Knowledge - INFO - persist search terms embedding for org.eclipse.example.calc.test/tst/org/eclipse/example/calc/internal/operations/AbstractOperationTest.java
2025-08-08 18:42:34,204 - Knowledge - INFO - done ingest for /app/data/rdk7542/90219/b3106gv/sample-90219/org.eclipse.example.calc.test/tst/org/eclipse/example/calc/internal/CalculatorTest.java
2025-08-08 18:42:34,281 - Knowledge - INFO - process ingested knowledge for /app/data/rdk7542/90219/b3106gv/sample-90219/org.eclipse.example.calc.test/tst/org/eclipse/example/calc/internal/CalculatorTest.java
2025-08-08 18:42:34,506 - Knowledge - INFO - Found code-base-name: https://github.com/kavia-common/sample-90219.git:kavia-master
2025-08-08 18:42:34,599 - Knowledge - INFO - Found code_base: <app.utils.kg_build.knowledge.KnowledgeCodeBase object at 0x7fd0ed8e0e50>
2025-08-08 18:42:34,655 - Knowledge - INFO - done ingest for /app/data/rdk7542/90219/b3106gv/sample-90219/org.eclipse.example.calc/src/org/eclipse/example/calc/Operation.java
2025-08-08 18:42:34,749 - Knowledge - INFO - persist ingested knowledge for /app/data/rdk7542/90219/b3106gv/sample-90219/org.eclipse.example.calc.test/tst/org/eclipse/example/calc/internal/CalculatorTest.java
2025-08-08 18:42:34,835 - Knowledge - INFO - process ingested knowledge for /app/data/rdk7542/90219/b3106gv/sample-90219/org.eclipse.example.calc/src/org/eclipse/example/calc/Operation.java
2025-08-08 18:42:35,595 - Knowledge - INFO - persist search terms embedding for org.eclipse.example.calc.test/tst/org/eclipse/example/calc/internal/CalculatorTest.java
2025-08-08 18:42:35,841 - Knowledge - INFO - Found code-base-name: https://github.com/kavia-common/sample-90219.git:kavia-master
2025-08-08 18:42:35,947 - Knowledge - INFO - Found code_base: <app.utils.kg_build.knowledge.KnowledgeCodeBase object at 0x7fd0ed8e0e50>
2025-08-08 18:42:36,077 - Knowledge - INFO - persist ingested knowledge for /app/data/rdk7542/90219/b3106gv/sample-90219/org.eclipse.example.calc/src/org/eclipse/example/calc/Operation.java
2025-08-08 18:42:36,154 - Knowledge - INFO - done ingest for /app/data/rdk7542/90219/b3106gv/sample-90219/org.eclipse.example.calc/src/org/eclipse/example/calc/internal/TextProvider.java
2025-08-08 18:42:36,296 - Knowledge - INFO - process ingested knowledge for /app/data/rdk7542/90219/b3106gv/sample-90219/org.eclipse.example.calc/src/org/eclipse/example/calc/internal/TextProvider.java
2025-08-08 18:42:36,886 - Knowledge - INFO - done ingest for /app/data/rdk7542/90219/b3106gv/sample-90219/org.eclipse.example.calc/src/org/eclipse/example/calc/BinaryOperation.java
2025-08-08 18:42:36,983 - Knowledge - INFO - process ingested knowledge for /app/data/rdk7542/90219/b3106gv/sample-90219/org.eclipse.example.calc/src/org/eclipse/example/calc/BinaryOperation.java
2025-08-08 18:42:37,012 - Knowledge - INFO - persist search terms embedding for org.eclipse.example.calc/src/org/eclipse/example/calc/Operation.java
2025-08-08 18:42:37,229 - Knowledge - INFO - Found code-base-name: https://github.com/kavia-common/sample-90219.git:kavia-master
2025-08-08 18:42:37,306 - Knowledge - INFO - Found code_base: <app.utils.kg_build.knowledge.KnowledgeCodeBase object at 0x7fd0ed8e0e50>
2025-08-08 18:42:37,380 - Knowledge - INFO - Found code-base-name: https://github.com/kavia-common/sample-90219.git:kavia-master
2025-08-08 18:42:37,414 - Knowledge - INFO - persist ingested knowledge for /app/data/rdk7542/90219/b3106gv/sample-90219/org.eclipse.example.calc/src/org/eclipse/example/calc/internal/TextProvider.java
2025-08-08 18:42:37,528 - Knowledge - INFO - Found code_base: <app.utils.kg_build.knowledge.KnowledgeCodeBase object at 0x7fd0ed8e0e50>
2025-08-08 18:42:37,771 - Knowledge - INFO - persist ingested knowledge for /app/data/rdk7542/90219/b3106gv/sample-90219/org.eclipse.example.calc/src/org/eclipse/example/calc/BinaryOperation.java
2025-08-08 18:42:38,328 - Knowledge - INFO - persist search terms embedding for org.eclipse.example.calc/src/org/eclipse/example/calc/internal/TextProvider.java
2025-08-08 18:42:38,980 - Knowledge - INFO - persist search terms embedding for org.eclipse.example.calc/src/org/eclipse/example/calc/BinaryOperation.java
2025-08-08 18:42:40,619 - Knowledge - INFO - done ingest for /app/data/rdk7542/90219/b3106gv/sample-90219/org.eclipse.example.calc/src/org/eclipse/example/calc/internal/operations/Plus.java
2025-08-08 18:42:40,722 - Knowledge - INFO - process ingested knowledge for /app/data/rdk7542/90219/b3106gv/sample-90219/org.eclipse.example.calc/src/org/eclipse/example/calc/internal/operations/Plus.java
2025-08-08 18:42:40,867 - Knowledge - INFO - Found code-base-name: https://github.com/kavia-common/sample-90219.git:kavia-master
2025-08-08 18:42:40,990 - Knowledge - INFO - Found code_base: <app.utils.kg_build.knowledge.KnowledgeCodeBase object at 0x7fd0ed8e0e50>
2025-08-08 18:42:41,090 - Knowledge - INFO - persist ingested knowledge for /app/data/rdk7542/90219/b3106gv/sample-90219/org.eclipse.example.calc/src/org/eclipse/example/calc/internal/operations/Plus.java
2025-08-08 18:42:41,799 - Knowledge - INFO - persist search terms embedding for org.eclipse.example.calc/src/org/eclipse/example/calc/internal/operations/Plus.java
2025-08-08 18:42:41,861 - Knowledge - INFO - done ingest for /app/data/rdk7542/90219/b3106gv/sample-90219/org.eclipse.example.calc/src/org/eclipse/example/calc/internal/operations/Square.java
2025-08-08 18:42:42,018 - Knowledge - INFO - process ingested knowledge for /app/data/rdk7542/90219/b3106gv/sample-90219/org.eclipse.example.calc/src/org/eclipse/example/calc/internal/operations/Square.java
2025-08-08 18:42:42,148 - Knowledge - INFO - Found code-base-name: https://github.com/kavia-common/sample-90219.git:kavia-master
2025-08-08 18:42:42,260 - Knowledge - INFO - Found code_base: <app.utils.kg_build.knowledge.KnowledgeCodeBase object at 0x7fd0ed8e0e50>
2025-08-08 18:42:42,359 - Knowledge - INFO - persist ingested knowledge for /app/data/rdk7542/90219/b3106gv/sample-90219/org.eclipse.example.calc/src/org/eclipse/example/calc/internal/operations/Square.java
2025-08-08 18:42:42,920 - Knowledge - INFO - done ingest for /app/data/rdk7542/90219/b3106gv/sample-90219/org.eclipse.example.calc/src/org/eclipse/example/calc/UnaryOperation.java
2025-08-08 18:42:42,999 - Knowledge - INFO - process ingested knowledge for /app/data/rdk7542/90219/b3106gv/sample-90219/org.eclipse.example.calc/src/org/eclipse/example/calc/UnaryOperation.java
2025-08-08 18:42:43,183 - Knowledge - INFO - persist search terms embedding for org.eclipse.example.calc/src/org/eclipse/example/calc/internal/operations/Square.java
2025-08-08 18:42:43,321 - Knowledge - INFO - Found code-base-name: https://github.com/kavia-common/sample-90219.git:kavia-master
2025-08-08 18:42:43,442 - Knowledge - INFO - Found code_base: <app.utils.kg_build.knowledge.KnowledgeCodeBase object at 0x7fd0ed8e0e50>
2025-08-08 18:42:43,548 - Knowledge - INFO - persist ingested knowledge for /app/data/rdk7542/90219/b3106gv/sample-90219/org.eclipse.example.calc/src/org/eclipse/example/calc/UnaryOperation.java
2025-08-08 18:42:44,248 - Knowledge - INFO - persist search terms embedding for org.eclipse.example.calc/src/org/eclipse/example/calc/UnaryOperation.java
2025-08-08 18:42:44,324 - Knowledge - INFO - done ingest for /app/data/rdk7542/90219/b3106gv/sample-90219/org.eclipse.example.calc/src/org/eclipse/example/calc/internal/operations/AbstractOperation.java
2025-08-08 18:42:44,461 - Knowledge - INFO - process ingested knowledge for /app/data/rdk7542/90219/b3106gv/sample-90219/org.eclipse.example.calc/src/org/eclipse/example/calc/internal/operations/AbstractOperation.java
2025-08-08 18:42:44,567 - Knowledge - INFO - done ingest for /app/data/rdk7542/90219/b3106gv/sample-90219/org.eclipse.example.calc/src/org/eclipse/example/calc/internal/operations/Equals.java
2025-08-08 18:42:44,622 - Knowledge - INFO - Found code-base-name: https://github.com/kavia-common/sample-90219.git:kavia-master
2025-08-08 18:42:44,686 - Knowledge - INFO - process ingested knowledge for /app/data/rdk7542/90219/b3106gv/sample-90219/org.eclipse.example.calc/src/org/eclipse/example/calc/internal/operations/Equals.java
2025-08-08 18:42:44,781 - Knowledge - INFO - Found code_base: <app.utils.kg_build.knowledge.KnowledgeCodeBase object at 0x7fd0ed8e0e50>
2025-08-08 18:42:44,933 - Knowledge - INFO - Found code-base-name: https://github.com/kavia-common/sample-90219.git:kavia-master
2025-08-08 18:42:44,969 - Knowledge - INFO - persist ingested knowledge for /app/data/rdk7542/90219/b3106gv/sample-90219/org.eclipse.example.calc/src/org/eclipse/example/calc/internal/operations/AbstractOperation.java
2025-08-08 18:42:45,073 - Knowledge - INFO - Found code_base: <app.utils.kg_build.knowledge.KnowledgeCodeBase object at 0x7fd0ed8e0e50>
2025-08-08 18:42:45,302 - Knowledge - INFO - persist ingested knowledge for /app/data/rdk7542/90219/b3106gv/sample-90219/org.eclipse.example.calc/src/org/eclipse/example/calc/internal/operations/Equals.java
2025-08-08 18:42:45,467 - Knowledge - INFO - done ingest for /app/data/rdk7542/90219/b3106gv/sample-90219/org.eclipse.example.calc/src/org/eclipse/example/calc/internal/operations/Minus.java
2025-08-08 18:42:45,567 - Knowledge - INFO - process ingested knowledge for /app/data/rdk7542/90219/b3106gv/sample-90219/org.eclipse.example.calc/src/org/eclipse/example/calc/internal/operations/Minus.java
2025-08-08 18:42:46,658 - Knowledge - INFO - done ingest for /app/data/rdk7542/90219/b3106gv/sample-90219/org.eclipse.example.calc/src/org/eclipse/example/calc/Operations.java
2025-08-08 18:42:46,735 - Knowledge - INFO - process ingested knowledge for /app/data/rdk7542/90219/b3106gv/sample-90219/org.eclipse.example.calc/src/org/eclipse/example/calc/Operations.java
2025-08-08 18:42:46,798 - Knowledge - INFO - persist search terms embedding for org.eclipse.example.calc/src/org/eclipse/example/calc/internal/operations/AbstractOperation.java
2025-08-08 18:42:47,013 - Knowledge - INFO - Found code-base-name: https://github.com/kavia-common/sample-90219.git:kavia-master
2025-08-08 18:42:47,104 - Knowledge - INFO - Found code_base: <app.utils.kg_build.knowledge.KnowledgeCodeBase object at 0x7fd0ed8e0e50>
2025-08-08 18:42:47,185 - Knowledge - INFO - persist ingested knowledge for /app/data/rdk7542/90219/b3106gv/sample-90219/org.eclipse.example.calc/src/org/eclipse/example/calc/internal/operations/Minus.java
2025-08-08 18:42:47,694 - Knowledge - INFO - persist search terms embedding for org.eclipse.example.calc/src/org/eclipse/example/calc/internal/operations/Equals.java
2025-08-08 18:42:47,818 - Knowledge - INFO - Found code-base-name: https://github.com/kavia-common/sample-90219.git:kavia-master
2025-08-08 18:42:47,902 - Knowledge - INFO - Found code_base: <app.utils.kg_build.knowledge.KnowledgeCodeBase object at 0x7fd0ed8e0e50>
2025-08-08 18:42:47,992 - Knowledge - INFO - persist ingested knowledge for /app/data/rdk7542/90219/b3106gv/sample-90219/org.eclipse.example.calc/src/org/eclipse/example/calc/Operations.java
2025-08-08 18:42:49,000 - Knowledge - INFO - persist search terms embedding for org.eclipse.example.calc/src/org/eclipse/example/calc/internal/operations/Minus.java
2025-08-08 18:42:49,004 - Knowledge - INFO - done ingest for /app/data/rdk7542/90219/b3106gv/sample-90219/org.eclipse.example.calc/src/org/eclipse/example/calc/internal/Calculator.java
2025-08-08 18:42:49,279 - Knowledge - INFO - process ingested knowledge for /app/data/rdk7542/90219/b3106gv/sample-90219/org.eclipse.example.calc/src/org/eclipse/example/calc/internal/Calculator.java
2025-08-08 18:42:50,331 - Knowledge - INFO - persist search terms embedding for org.eclipse.example.calc/src/org/eclipse/example/calc/Operations.java
2025-08-08 18:42:50,503 - Knowledge - INFO - done ingest for /app/data/rdk7542/90219/b3106gv/sample-90219/org.eclipse.example.calc/src/org/eclipse/example/calc/internal/ui/swing/CalculatorUI.java
2025-08-08 18:42:50,550 - Knowledge - INFO - done ingest for /app/data/rdk7542/90219/b3106gv/sample-90219/org.eclipse.example.calc/src/org/eclipse/example/calc/internal/ui/swt/CalculatorUI.java
2025-08-08 18:42:50,553 - Knowledge - INFO - Found code-base-name: https://github.com/kavia-common/sample-90219.git:kavia-master
2025-08-08 18:42:50,589 - Knowledge - INFO - process ingested knowledge for /app/data/rdk7542/90219/b3106gv/sample-90219/org.eclipse.example.calc/src/org/eclipse/example/calc/internal/ui/swing/CalculatorUI.java
2025-08-08 18:42:50,696 - Knowledge - INFO - process ingested knowledge for /app/data/rdk7542/90219/b3106gv/sample-90219/org.eclipse.example.calc/src/org/eclipse/example/calc/internal/ui/swt/CalculatorUI.java
2025-08-08 18:42:50,806 - Knowledge - INFO - Found code_base: <app.utils.kg_build.knowledge.KnowledgeCodeBase object at 0x7fd0ed8e0e50>
2025-08-08 18:42:50,910 - Knowledge - INFO - Found code-base-name: https://github.com/kavia-common/sample-90219.git:kavia-master
2025-08-08 18:42:51,016 - Knowledge - INFO - Found code-base-name: https://github.com/kavia-common/sample-90219.git:kavia-master
2025-08-08 18:42:51,130 - Knowledge - INFO - persist ingested knowledge for /app/data/rdk7542/90219/b3106gv/sample-90219/org.eclipse.example.calc/src/org/eclipse/example/calc/internal/Calculator.java
2025-08-08 18:42:51,243 - Knowledge - INFO - Found code_base: <app.utils.kg_build.knowledge.KnowledgeCodeBase object at 0x7fd0ed8e0e50>
2025-08-08 18:42:51,333 - Knowledge - INFO - Found code_base: <app.utils.kg_build.knowledge.KnowledgeCodeBase object at 0x7fd0ed8e0e50>
2025-08-08 18:42:51,518 - Knowledge - INFO - persist ingested knowledge for /app/data/rdk7542/90219/b3106gv/sample-90219/org.eclipse.example.calc/src/org/eclipse/example/calc/internal/ui/swing/CalculatorUI.java
2025-08-08 18:42:51,590 - Knowledge - INFO - persist ingested knowledge for /app/data/rdk7542/90219/b3106gv/sample-90219/org.eclipse.example.calc/src/org/eclipse/example/calc/internal/ui/swt/CalculatorUI.java
2025-08-08 18:42:51,904 - Knowledge - INFO - persist search terms embedding for org.eclipse.example.calc/src/org/eclipse/example/calc/internal/Calculator.java
2025-08-08 18:42:52,389 - Knowledge - INFO - persist search terms embedding for org.eclipse.example.calc/src/org/eclipse/example/calc/internal/ui/swing/CalculatorUI.java
2025-08-08 18:42:52,856 - Knowledge - INFO - persist search terms embedding for org.eclipse.example.calc/src/org/eclipse/example/calc/internal/ui/swt/CalculatorUI.java
2025-08-08 18:42:52,941 - Knowledge - INFO - Knowledge creation complete
2025-08-08 18:42:53,063 - Knowledge - INFO - Updating org costs, total cost: 0.0055818
2025-08-08 18:42:53,460 - Knowledge - INFO - Saving knowledge to Redis...
2025-08-08 18:42:53,549 - Knowledge - INFO - Knowledge saved to Redis successfully
